
> wallaby-factory-nextjs@0.1.0 build
> next build

笆ｲ Next.js 16.1.1 (Turbopack)
- Environments: .env
- Experiments (use with caution):
  ﾂｷ serverActions

  Creating an optimized production build ...
笨・Compiled successfully in 3.8s
  Running TypeScript ...
node.exe : Failed to c
ompile.
発生場所 行:1 文字:1
+ & "C:\Program Files\
nodejs/node.exe" "C:\P
rogram Files\nodejs/no
de_mo ...
+ ~~~~~~~~~~~~~~~~~~~~
~~~~~~~~~~~~~~~~~~~~~~
~~~~~~~~~~~~~~~~~~~~~~
~~~~~
    + CategoryInfo    
          : NotSpeci  
  fied: (Failed to    
 compile.:String)     
[], RemoteExcepti    o
n
    + FullyQualifiedE 
   rrorId : NativeCo  
  mmandError
 

./scripts/add-test-dat
a.ts:31:21
Type error: Type '{ sh
ape: string; width: nu
mber; height: number; 
quantity: number; pric
e: number; }' is missi
ng the following prope
rties from type 'Order
ItemUncheckedCreateWit
houtOrderInput': color
Fabric, colorZipper, c
olorFastener

[0m [90m 29 |[39m  
           items[33m:
[39m {
 [90m 30 |[39m      
           create[33m
:[39m [
[31m[1m>[22m[39m[
90m 31 |[39m         
            {
 [90m    |[39m      
               [31m[
1m^[22m[39m
 [90m 32 |[39m      
                   sha
pe[33m:[39m [32m'SQ
UARE'[39m[33m,[39m
 [90m 33 |[39m      
                   wid
th[33m:[39m [35m30
[39m[33m,[39m
 [90m 34 |[39m      
                   hei
ght[33m:[39m [35m40
[39m[33m,[39m[0m
Next.js build worker e
xited with code: 1 and
 signal: null
